../Core/Src/main.c:78:6:spi_write	24	static
../Core/Src/main.c:88:6:display	48	static
../Core/Src/main.c:110:8:pick_random_button	8	static
../Core/Src/main.c:114:6:add_new_button	16	static
../Core/Src/main.c:119:6:reset_buttons	4	static
../Core/Src/main.c:123:6:set_led	16	static
../Core/Src/main.c:127:6:blink_led	16	static
../Core/Src/main.c:133:6:play_button_series	16	static
../Core/Src/main.c:149:5:main	8	static
../Core/Src/main.c:196:6:SystemClock_Config	72	static
../Core/Src/main.c:233:13:MX_USART2_UART_Init	8	static
../Core/Src/main.c:266:13:MX_GPIO_Init	40	static
../Core/Src/main.c:325:6:Error_Handler	4	static,ignoring_inline_asm
